// Jest Snapshot v1, https://goo.gl/fbAQLP

exports[`<Tetris/> Component rendering correctly Tetris 1`] = `
<ContextProvider
  value={
    Object {
      "store": Object {
        "dispatch": [Function],
        "getState": [Function],
        "replaceReducer": [Function],
        "subscribe": [Function],
        Symbol(observable): [Function],
      },
      "subscription": Subscription {
        "handleChangeWrapper": [Function],
        "listeners": Object {
          "notify": [Function],
        },
        "onStateChange": [Function],
        "parentSub": undefined,
        "store": Object {
          "dispatch": [Function],
          "getState": [Function],
          "replaceReducer": [Function],
          "subscribe": [Function],
          Symbol(observable): [Function],
        },
        "unsubscribe": null,
      },
    }
  }
>
  <Tetris
    endGame={[Function]}
    handleScore={[Function]}
    newShapes={[Function]}
    socket={[Function]}
    store={
      Object {
        "boardAdversary": Array [],
        "delay": 1000,
        "end": false,
        "level": 0,
        "lineFull": 0,
        "name": "",
        "numberPlayer": 0,
        "score": 0,
        "scoreAdversary": Array [],
        "shapes": Array [
          Object {
            "color": "80, 227, 230",
            "shape": Array [
              Array [
                "I",
                "I",
                "I",
                "I",
              ],
              Array [
                0,
                0,
                0,
                0,
              ],
              Array [
                0,
                0,
                0,
                0,
              ],
              Array [
                0,
                0,
                0,
                0,
              ],
            ],
          },
          Object {
            "color": "80, 227, 230",
            "shape": Array [
              Array [
                "I",
                "I",
                "I",
                "I",
              ],
              Array [
                0,
                0,
                0,
                0,
              ],
              Array [
                0,
                0,
                0,
                0,
              ],
              Array [
                0,
                0,
                0,
                0,
              ],
            ],
          },
          Object {
            "color": "80, 227, 230",
            "shape": Array [
              Array [
                "I",
                "I",
                "I",
                "I",
              ],
              Array [
                0,
                0,
                0,
                0,
              ],
              Array [
                0,
                0,
                0,
                0,
              ],
              Array [
                0,
                0,
                0,
                0,
              ],
            ],
          },
          Object {
            "color": "80, 227, 230",
            "shape": Array [
              Array [
                "I",
                "I",
                "I",
                "I",
              ],
              Array [
                0,
                0,
                0,
                0,
              ],
              Array [
                0,
                0,
                0,
                0,
              ],
              Array [
                0,
                0,
                0,
                0,
              ],
            ],
          },
          Object {
            "color": "80, 227, 230",
            "shape": Array [
              Array [
                "I",
                "I",
                "I",
                "I",
              ],
              Array [
                0,
                0,
                0,
                0,
              ],
              Array [
                0,
                0,
                0,
                0,
              ],
              Array [
                0,
                0,
                0,
                0,
              ],
            ],
          },
        ],
        "start": true,
        "text": "",
        "textEnd": "",
        "win": false,
      }
    }
  />
</ContextProvider>
`;

exports[`<Tetris/> Component win 1`] = `ShallowWrapper {}`;
